Using bundled DotNet SDK version: 10.0 win-x64
Running UnrealBuildTool: dotnet "..\..\Engine\Binaries\DotNET\UnrealBuildTool\UnrealBuildTool.dll" MosquitoSimulatorEditor Win64 Development -Project="d:\UnrealProjects\MosquitoSimulator 5.8\MosquitoSimulator.uproject" -Wait -PassThru
Log file: C:\Users\Hazvi\AppData\Local\UnrealBuildTool\Log.txt
Determining max actions to execute in parallel (6 physical cores, 12 logical cores)
  Executing up to 6 processes, one per physical core
Using 'git status' to determine working set for adaptive non-unity build (D:\UnrealProjects\MosquitoSimulator 5.8).
UbaServer - Listening on 0.0.0.0:1345
Invalidating makefile for MosquitoSimulatorEditor (MosquitoSimulator.Build.cs modified)
Available x64 toolchains (1):
 * C:\Program Files\Microsoft Visual Studio\18\Community\VC\Tools\MSVC\14.51.36231
    (Family=14.51.36231, FamilyRank=2, Version=14.51.36256, HostArchitecture=x64, ReleaseChannel=Latest, Architecture=x64)
Visual Studio compiler version 14.51.36256 is newer than latest preferred version 14.50.35717. Please use caution as this compiler has not been heavily tested
UHT compiled-in object format Default
Building MosquitoSimulatorEditor...
===== Toolchain Information =====
Using ISPC compiler (E:\UE_5.8\Engine\Source\ThirdParty\Intel\ISPC\bin\Windows\ispc.exe)
  Intel(r) Implicit SPMD Program Compiler (Intel(r) ISPC), 1.24.0 (build commit  @ 20250404, LLVM 18.1.2) 
Using Visual Studio 14.51.36256 toolchain (C:\Program Files\Microsoft Visual Studio\18\Community\VC\Tools\MSVC\14.51.36231) and Windows 10.0.22621.0 SDK (C:\Program Files (x86)\Windows Kits\10).
Warning: Visual Studio compiler 14.51.36256 is not a preferred version
[Adaptive Build] Excluded from MosquitoSimulator unity file: HumanCharacter.cpp, MosquitoAudio.cpp, MosquitoCharacter.cpp, MosquitoHUD.cpp, MosquitoWorldBlockout.cpp
=================================
Using Unreal Build Accelerator local executor to run 14 action(s)
  CPU 6 physical cores, 12 logical cores
  Memory 31.89 GB physical, 31.07 GB/72.72 GB committed
  UBA Storage capacity 40 GB
[1/14] Compile [x64] MosquitoHUD.cpp
E:\UE_5.8\Engine\Source\Runtime\Engine\Classes\GameFramework\Character.h(798,31): warning C4996: 'APawn::GetMovementBase': GetMovementBase is deprecated. Use GetMovementBaseObject or GetMovementBaseInterfaceData instead. - Please update your code to the new API before upgrading to the next release, otherwise your project will no longer compile.
	virtual UPrimitiveComponent* GetMovementBase() const override final { return Cast<UPrimitiveComponent>(GetMovementBaseObject()); }
	                             ^
[2/14] Compile [x64] Module.MosquitoSimulator.gen.cpp
E:\UE_5.8\Engine\Source\Runtime\Engine\Classes\GameFramework\Character.h(798,31): warning C4996: 'APawn::GetMovementBase': GetMovementBase is deprecated. Use GetMovementBaseObject or GetMovementBaseInterfaceData instead. - Please update your code to the new API before upgrading to the next release, otherwise your project will no longer compile.
	virtual UPrimitiveComponent* GetMovementBase() const override final { return Cast<UPrimitiveComponent>(GetMovementBaseObject()); }
	                             ^
E:\UE_5.8\Engine\Source\Runtime\Engine\Classes\Sound\SoundWaveProcedural.h(65,26): warning C4996: 'USoundWave::GetAssetRegistryTags': Implement the version that takes FAssetRegistryTagsContext instead. - Please update your code to the new API before upgrading to the next release, otherwise your project will no longer compile.
	ENGINE_API virtual void GetAssetRegistryTags(TArray<FAssetRegistryTag>& OutTags) const override;
	                        ^
[3/14] Compile [x64] DayNightSystem.cpp
[4/14] Compile [x64] HumanCharacter.cpp
E:\UE_5.8\Engine\Source\Runtime\Engine\Classes\GameFramework\Character.h(798,31): warning C4996: 'APawn::GetMovementBase': GetMovementBase is deprecated. Use GetMovementBaseObject or GetMovementBaseInterfaceData instead. - Please update your code to the new API before upgrading to the next release, otherwise your project will no longer compile.
	virtual UPrimitiveComponent* GetMovementBase() const override final { return Cast<UPrimitiveComponent>(GetMovementBaseObject()); }
	                             ^
E:\UE_5.8\Engine\Source\Runtime\Engine\Classes\Sound\SoundWaveProcedural.h(65,26): warning C4996: 'USoundWave::GetAssetRegistryTags': Implement the version that takes FAssetRegistryTagsContext instead. - Please update your code to the new API before upgrading to the next release, otherwise your project will no longer compile.
	ENGINE_API virtual void GetAssetRegistryTags(TArray<FAssetRegistryTag>& OutTags) const override;
	                        ^
[5/14] Compile [x64] MosquitoAudio.cpp
E:\UE_5.8\Engine\Source\Runtime\Engine\Classes\Sound\SoundWaveProcedural.h(65,26): warning C4996: 'USoundWave::GetAssetRegistryTags': Implement the version that takes FAssetRegistryTagsContext instead. - Please update your code to the new API before upgrading to the next release, otherwise your project will no longer compile.
	ENGINE_API virtual void GetAssetRegistryTags(TArray<FAssetRegistryTag>& OutTags) const override;
	                        ^
[6/14] Compile [x64] MosquitoCharacter.cpp
E:\UE_5.8\Engine\Source\Runtime\Engine\Classes\GameFramework\Character.h(798,31): warning C4996: 'APawn::GetMovementBase': GetMovementBase is deprecated. Use GetMovementBaseObject or GetMovementBaseInterfaceData instead. - Please update your code to the new API before upgrading to the next release, otherwise your project will no longer compile.
	virtual UPrimitiveComponent* GetMovementBase() const override final { return Cast<UPrimitiveComponent>(GetMovementBaseObject()); }
	                             ^
E:\UE_5.8\Engine\Source\Runtime\Engine\Classes\Sound\SoundWaveProcedural.h(65,26): warning C4996: 'USoundWave::GetAssetRegistryTags': Implement the version that takes FAssetRegistryTagsContext instead. - Please update your code to the new API before upgrading to the next release, otherwise your project will no longer compile.
	ENGINE_API virtual void GetAssetRegistryTags(TArray<FAssetRegistryTag>& OutTags) const override;
	                        ^
[7/14] Compile [x64] MosquitoSimulator.cpp
[8/14] Compile [x64] MosquitoSimulatorPlayerController.cpp
[9/14] Compile [x64] MosquitoSimulatorGameModeBase.cpp
E:\UE_5.8\Engine\Source\Runtime\Engine\Classes\GameFramework\Character.h(798,31): warning C4996: 'APawn::GetMovementBase': GetMovementBase is deprecated. Use GetMovementBaseObject or GetMovementBaseInterfaceData instead. - Please update your code to the new API before upgrading to the next release, otherwise your project will no longer compile.
	virtual UPrimitiveComponent* GetMovementBase() const override final { return Cast<UPrimitiveComponent>(GetMovementBaseObject()); }
	                             ^
[10/14] Compile [x64] PerModuleInline.gen.cpp
[11/14] Compile [x64] MosquitoWorldBlockout.cpp
[12/14] Link [x64] UnrealEditor-MosquitoSimulator.lib
[13/14] Link [x64] UnrealEditor-MosquitoSimulator.dll
[14/14] WriteMetadata MosquitoSimulatorEditor.target [NoUba]

Total time in Unreal Build Accelerator local executor: 10.10 seconds
Output binary: E:\UE_5.8\Engine\Binaries\Win64\UnrealEditor.exe

Result: Succeeded
Total execution time: 19.55 seconds
Trace written to file C:\Users\Hazvi\AppData\Local\UnrealBuildTool\Trace.uba with size 9.8kb
