Using bundled DotNet SDK version: 10.0 win-x64
Running UnrealBuildTool: dotnet "..\..\Engine\Binaries\DotNET\UnrealBuildTool\UnrealBuildTool.dll" -Mode=ValidatePlatforms -OutputSDKs  -AllPlatforms  -project="D:/UnrealProjects/MosquitoSimulator 5.8/MosquitoSimulator.uproject" -log="d:/UnrealProjects/MosquitoSimulator 5.8/Saved/Logs/AutoSDKInfo.txt" -verbose -timestamps
Log file: d:\UnrealProjects\MosquitoSimulator 5.8\Saved\Logs\AutoSDKInfo.txt
##PlatformValidate: Win64 VALID 10.0.22621.0
##PlatformValidate: Mac INVALID 26.1.1
##PlatformValidate: IOS INVALID 26.1.1
##PlatformValidate: Android INVALID r27c
##PlatformValidate: Linux INVALID v26_clang-20.1.8-rockylinux8
##PlatformValidate: LinuxArm64 INVALID <UNKNOWN>
##PlatformValidate: TVOS INVALID 26.1.1
##PlatformValidate: VisionOS INVALID <UNKNOWN>
Unable to find required SDK version 'MainVersion' for platform LinuxArm64. Check your SDK.json files
Unable to find required SDK version 'MainVersion' for platform VisionOS. Check your SDK.json files
Trace written to file C:\Users\Hazvi\AppData\Local\UnrealBuildTool\Trace.uba with size 323b
LogStreaming: Display: AsyncLoading2 - Created: Async Loading Thread: false, Async Post Load: false, Multithreaded: false
LogWindowsTouchpad: Display: CacheForceMaxTouchpadSensitivityMode SetTouchpadParameters
LogLiveCodingServer: Display: Registered process E:\UE_5.8\Engine\Binaries\Win64\UnrealEditor-Cmd.exe (PID: 38096)
LogLiveCodingServer: Display: Loading module D:\UnrealProjects\MosquitoSimulator 5.8\Binaries\Win64\UnrealEditor-MosquitoSimulator.dll (0.395 MB)
LogLiveCodingServer: Display: Loaded 1 module(s), 703 lazy load module(s), and 313 reserved page ranges (0.000s, 13 translation units)
LogLiveCodingServer: Display: Live coding ready - Save changes and press Ctrl+Alt+F11 to re-compile code
LogLiveCodingServer: Display: Registered process E:\UE_5.8\Engine\Binaries\Win64\UnrealEditor-Cmd.exe (PID: 51272)
LogLiveCodingServer: Display: Registering module D:\UnrealProjects\MosquitoSimulator 5.8\Binaries\Win64\UnrealEditor-MosquitoSimulator.dll (PID: 51272)
LogLiveCodingServer: Display: Registered process E:\UE_5.8\Engine\Binaries\Win64\UnrealEditor.exe (PID: 50968)
LogLiveCodingServer: Display: Registering module D:\UnrealProjects\MosquitoSimulator 5.8\Binaries\Win64\UnrealEditor-MosquitoSimulator.dll (PID: 50968)
LogLiveCodingServer: Display: Loading module D:\UnrealProjects\MosquitoSimulator 5.8\Plugins\VibeUE\Binaries\Win64\UnrealEditor-VibeUE.dll (17.649 MB)
LogLiveCodingServer: Display: Loaded 1 module(s), 951 lazy load module(s), and 362 reserved page ranges (0.000s, 89 translation units)
